2011-12-09T11:54:14.144+01:00	meta	perfMon 2.0.0-SNAPSHOT	elstercl1.mgm-edv.de	elstercl1.mgm-edv.de/127.0.0.1
2011-12-09T11:54:15.335+01:00	cpu_X	42.0	0.0	0.0	0.0	0.0	100.0
2011-12-09T11:54:15.335+01:00	mem	43	43	43	43	43
2011-12-09T11:54:15.335+01:00	swap	44	44	44
2011-12-09T11:54:15.335+01:00	io_0	0	0	46	47	/dev/mapper/VolGroup00-LogVol00	/io_4	2759	16	2830336	16384	/dev/cciss/c0d0p1	/boot
2011-12-09T11:54:15.335+01:00	java_0	48	elster	11:54	647M	 22M	6.9M	S	0:0	48%	java:com.mgmtp.perfload.perfmon.PerfMon